// Jest Snapshot v1, https://goo.gl/fbAQLP

exports[`Server - e2e gets a single launch 1`] = `
Object {
  "data": Object {
    "launch": Object {
      "id": "30",
      "isBooked": false,
      "mission": Object {
        "name": "Thaicom 8",
      },
      "rocket": Object {
        "type": "FT",
      },
    },
  },
}
`;

exports[`Server - e2e gets a single launch 2`] = `
Object {
  "data": Object {
    "launch": null,
  },
  "errors": Array [
    Object {
      "extensions": Object {
        "code": "Not Found",
        "response": Object {
          "body": "Not Found",
          "status": 404,
          "statusText": "Not Found",
          "url": "https://api.spacexdata.com/v2/launch?flight_number=30",
        },
      },
      "locations": Array [
        Object {
          "column": 3,
          "line": 2,
        },
      ],
      "message": "NOT_FOUND",
      "path": Array [
        "launch",
      ],
    },
  ],
}
`;

exports[`Server - e2e gets list of launches 1`] = `
Object {
  "data": Object {
    "launches": Object {
      "cursor": "1517433900",
      "launches": Array [
        Object {
          "mission": Object {
            "missionPatch": "https://images2.imgbox.com/42/0a/LAupFe3L_o.png",
            "name": "SES-16 / GovSat-1",
          },
        },
      ],
    },
  },
}
`;
